
> @themesberg/volt-react-dashboard@1.0.1 build
> react-scripts build

Creating an optimized production build...
npm : DEPRECATION WARNING [legacy-js-api]: The legacy JS API is deprecated and will be removed in Dart Sass 2.0.0.
At C:\Users\Reydel\AppData\Local\Temp\ps-script-6650bdc1-ae73-4dbb-9cc7-68fb50641fed.ps1:87 char:40
+ cd c:\Users\Reydel\Desktop\legion-web; npm run build 2>&1 | Tee-Objec ...
+                                        ~~~~~~~~~~~~~~~~~~
    + CategoryInfo          : NotSpecified: (DEPRECATION WAR...art Sass 2.0.0.:String) [], RemoteException
    + FullyQualifiedErrorId : NativeCommandError
 

More info: https://sass-lang.com/d/legacy-js-api

DEPRECATION WARNING [import]: Sass @import rules are deprecated and will be removed in Dart Sass 3.0.0.

More info and automated migrator: https://sass-lang.com/d/import

   Γò╖
19 Γöé @import "../../node_modules/bootstrap/scss/mixins";
   Γöé         ^^^^^^^^^^^^^^^^^^^^^^^^^^^^^^^^^^^^^^^^^^
   Γò╡
    stdin 19:9  root stylesheet

DEPRECATION WARNING [import]: Sass @import rules are deprecated and will be removed in Dart Sass 3.0.0.

More info and automated migrator: https://sass-lang.com/d/import

   Γò╖
20 Γöé @import "../../node_modules/bootstrap/scss/functions";
   Γöé         ^^^^^^^^^^^^^^^^^^^^^^^^^^^^^^^^^^^^^^^^^^^^^
   Γò╡
    stdin 20:9  root stylesheet

DEPRECATION WARNING [import]: Sass @import rules are deprecated and will be removed in Dart Sass 3.0.0.

More info and automated migrator: https://sass-lang.com/d/import

   Γò╖
23 Γöé @import "volt/variables";
   Γöé         ^^^^^^^^^^^^^^^^
   Γò╡
    stdin 23:9  root stylesheet

DEPRECATION WARNING [import]: Sass @import rules are deprecated and will be removed in Dart Sass 3.0.0.

More info and automated migrator: https://sass-lang.com/d/import

   Γò╖
26 Γöé @import "../../node_modules/bootstrap/scss/bootstrap";
   Γöé         ^^^^^^^^^^^^^^^^^^^^^^^^^^^^^^^^^^^^^^^^^^^^^
   Γò╡
    stdin 26:9  root stylesheet

DEPRECATION WARNING [import]: Sass @import rules are deprecated and will be removed in Dart Sass 3.0.0.

More info and automated migrator: https://sass-lang.com/d/import

   Γò╖
29 Γöé @import "volt/vendor";
   Γöé         ^^^^^^^^^^^^^
   Γò╡
    stdin 29:9  root stylesheet

DEPRECATION WARNING [if-function]: The Sass if() syntax is deprecated in favor of the modern CSS syntax.

Suggestion: if(sass($dividend > 0 and $divisor > 0 or $dividend < 0 and $divisor < 0): 1; else: -1)

More info: https://sass-lang.com/d/if-function

   Γò╖
56 Γöé   $sign: if($dividend > 0 and $divisor > 0 or $dividend < 0 and $divisor < 0, 1, -1);
   Γöé          ^^^^^^^^^^^^^^^^^^^^^^^^^^^^^^^^^^^^^^^^^^^^^^^^^^^^^^^^^^^^^^^^^^^^^^^^^^^
   Γò╡
    node_modules\bootstrap\scss\vendor\_rfs.scss 56:10  @import
    node_modules\bootstrap\scss\_mixins.scss 6:9        @import
    stdin 19:9                                          root stylesheet

DEPRECATION WARNING [if-function]: The Sass if() syntax is deprecated in favor of the modern CSS syntax.

Suggestion: if(sass($rfs-breakpoint-unit == px): #{$rfs-breakpoint}px; else: #{divide($rfs-breakpoint, 
$rfs-rem-value)}#{$rfs-breakpoint-unit})

More info: https://sass-lang.com/d/if-function

    Γò╖
117 Γöé $rfs-mq-value: if($rfs-breakpoint-unit == px, #{$rfs-breakpoint}px, #{divide($rfs-breakpoint, 
$rfs-rem-value)}#{$rfs-breakpoint-unit});
    Γöé                
^^^^^^^^^^^^^^^^^^^^^^^^^^^^^^^^^^^^^^^^^^^^^^^^^^^^^^^^^^^^^^^^^^^^^^^^^^^^^^^^^^^^^^^^^^^^^^^^^^^^^^^^^^^^^^^^^^^^^^^
    Γò╡
    node_modules\bootstrap\scss\vendor\_rfs.scss 117:16  @import
    node_modules\bootstrap\scss\_mixins.scss 6:9         @import
    stdin 19:9                                           root stylesheet

DEPRECATION WARNING [if-function]: The Sass if() syntax is deprecated in favor of the modern CSS syntax.

Suggestion: if(sass($rfs-mode == max-media-query): max-width; else: min-width)

More info: https://sass-lang.com/d/if-function

    Γò╖
118 Γöé $rfs-mq-property-width: if($rfs-mode == max-media-query, max-width, min-width);
    Γöé                         ^^^^^^^^^^^^^^^^^^^^^^^^^^^^^^^^^^^^^^^^^^^^^^^^^^^^^^
    Γò╡
    node_modules\bootstrap\scss\vendor\_rfs.scss 118:25  @import
    node_modules\bootstrap\scss\_mixins.scss 6:9         @import
    stdin 19:9                                           root stylesheet

DEPRECATION WARNING [if-function]: The Sass if() syntax is deprecated in favor of the modern CSS syntax.

Suggestion: if(sass($rfs-mode == max-media-query): max-height; else: min-height)

More info: https://sass-lang.com/d/if-function

    Γò╖
119 Γöé $rfs-mq-property-height: if($rfs-mode == max-media-query, max-height, min-height);
    Γöé                          ^^^^^^^^^^^^^^^^^^^^^^^^^^^^^^^^^^^^^^^^^^^^^^^^^^^^^^^^
    Γò╡
    node_modules\bootstrap\scss\vendor\_rfs.scss 119:26  @import
    node_modules\bootstrap\scss\_mixins.scss 6:9         @import
    stdin 19:9                                           root stylesheet

DEPRECATION WARNING [if-function]: The Sass if() syntax is deprecated in favor of the modern CSS syntax.

Suggestion: if(sass(type-of($values) != list): (($values,)); else: $values)

More info: https://sass-lang.com/d/if-function

    Γò╖
193 Γöé   $values: if(type-of($values) != list, ($values,), $values);
    Γöé            ^^^^^^^^^^^^^^^^^^^^^^^^^^^^^^^^^^^^^^^^^^^^^^^^^
    Γò╡
    node_modules\bootstrap\scss\vendor\_rfs.scss 193:12  @import
    node_modules\bootstrap\scss\_mixins.scss 6:9         @import
    stdin 19:9                                           root stylesheet

DEPRECATION WARNING [global-builtin]: Global built-in functions are deprecated and will be removed in Dart Sass 3.0.0.
Use meta.type-of instead.

More info and automated migrator: https://sass-lang.com/d/import

   Γò╖
33 Γöé @if type-of($rfs-factor) != number or $rfs-factor <= 1 {
   Γöé     ^^^^^^^^^^^^^^^^^^^^
   Γò╡
    node_modules\bootstrap\scss\vendor\_rfs.scss 33:5  @import
    node_modules\bootstrap\scss\_mixins.scss 6:9       @import
    stdin 19:9                                         root stylesheet

DEPRECATION WARNING [global-builtin]: Global built-in functions are deprecated and will be removed in Dart Sass 3.0.0.
Use math.unit instead.

More info and automated migrator: https://sass-lang.com/d/import

   Γò╖
53 Γöé $rfs-base-value-unit: unit($rfs-base-value);
   Γöé                       ^^^^^^^^^^^^^^^^^^^^^
   Γò╡
    node_modules\bootstrap\scss\vendor\_rfs.scss 53:23  @import
    node_modules\bootstrap\scss\_mixins.scss 6:9        @import
    stdin 19:9                                          root stylesheet

DEPRECATION WARNING [global-builtin]: Global built-in functions are deprecated and will be removed in Dart Sass 3.0.0.
Use math.unit instead.

More info and automated migrator: https://sass-lang.com/d/import

   Γò╖
83 Γöé   $dividend-unit: unit($dividend);
   Γöé                   ^^^^^^^^^^^^^^^
   Γò╡
    node_modules\bootstrap\scss\vendor\_rfs.scss 83:19   divide()
    node_modules\bootstrap\scss\vendor\_rfs.scss 102:44  @import
    node_modules\bootstrap\scss\_mixins.scss 6:9         @import
    stdin 19:9                                           root stylesheet

DEPRECATION WARNING [global-builtin]: Global built-in functions are deprecated and will be removed in Dart Sass 3.0.0.
Use math.unit instead.

More info and automated migrator: https://sass-lang.com/d/import

   Γò╖
84 Γöé   $divisor-unit: unit($divisor);
   Γöé                  ^^^^^^^^^^^^^^
   Γò╡
    node_modules\bootstrap\scss\vendor\_rfs.scss 84:18   divide()
    node_modules\bootstrap\scss\vendor\_rfs.scss 102:44  @import
    node_modules\bootstrap\scss\_mixins.scss 6:9         @import
    stdin 19:9                                           root stylesheet

DEPRECATION WARNING [global-builtin]: Global built-in functions are deprecated and will be removed in Dart Sass 3.0.0.
Use map.has-key instead.

More info and automated migrator: https://sass-lang.com/d/import

   Γò╖
91 Γöé   @if ($dividend-unit != $divisor-unit and map-has-key($unit-map, $dividend-unit)) {
   Γöé                                            ^^^^^^^^^^^^^^^^^^^^^^^^^^^^^^^^^^^^^^
   Γò╡
    node_modules\bootstrap\scss\vendor\_rfs.scss 91:44   divide()
    node_modules\bootstrap\scss\vendor\_rfs.scss 102:44  @import
    node_modules\bootstrap\scss\_mixins.scss 6:9         @import
    stdin 19:9                                           root stylesheet

DEPRECATION WARNING [function-units]: $weight: Passing a number without unit % (8) is deprecated.

To preserve current behavior: $weight * 1%

More info: https://sass-lang.com/d/function-units

    Γò╖
207 Γöé   @return mix(white, $color, $weight);
    Γöé           ^^^^^^^^^^^^^^^^^^^^^^^^^^^
    Γò╡
    node_modules\bootstrap\scss\_functions.scss 207:11  tint-color()
    src\scss\volt\_variables.scss 211:12                @import
    stdin 23:9                                          root stylesheet

DEPRECATION WARNING [function-units]: $weight: Passing a number without unit % (6) is deprecated.

To preserve current behavior: $weight * 1%

More info: https://sass-lang.com/d/function-units

    Γò╖
207 Γöé   @return mix(white, $color, $weight);
    Γöé           ^^^^^^^^^^^^^^^^^^^^^^^^^^^
    Γò╡
    node_modules\bootstrap\scss\_functions.scss 207:11  tint-color()
    src\scss\volt\_variables.scss 212:12                @import
    stdin 23:9                                          root stylesheet

DEPRECATION WARNING [function-units]: $weight: Passing a number without unit % (4) is deprecated.

To preserve current behavior: $weight * 1%

More info: https://sass-lang.com/d/function-units

    Γò╖
207 Γöé   @return mix(white, $color, $weight);
    Γöé           ^^^^^^^^^^^^^^^^^^^^^^^^^^^
    Γò╡
    node_modules\bootstrap\scss\_functions.scss 207:11  tint-color()
    src\scss\volt\_variables.scss 213:12                @import
    stdin 23:9                                          root stylesheet

DEPRECATION WARNING [function-units]: $weight: Passing a number without unit % (2) is deprecated.

To preserve current behavior: $weight * 1%

More info: https://sass-lang.com/d/function-units

    Γò╖
207 Γöé   @return mix(white, $color, $weight);
    Γöé           ^^^^^^^^^^^^^^^^^^^^^^^^^^^
    Γò╡
    node_modules\bootstrap\scss\_functions.scss 207:11  tint-color()
    src\scss\volt\_variables.scss 214:12                @import
    stdin 23:9                                          root stylesheet

DEPRECATION WARNING [function-units]: $weight: Passing a number without unit % (2) is deprecated.

To preserve current behavior: $weight * 1%

More info: https://sass-lang.com/d/function-units

    Γò╖
212 Γöé   @return mix(black, $color, $weight);
    Γöé           ^^^^^^^^^^^^^^^^^^^^^^^^^^^
    Γò╡
    node_modules\bootstrap\scss\_functions.scss 212:11  shade-color()
    src\scss\volt\_variables.scss 216:12                @import
    stdin 23:9                                          root stylesheet

DEPRECATION WARNING [slash-div]: Using / for division outside of calc() is deprecated and will be removed in Dart Sass 
2.0.0.

Recommendation: math.div($spacer, 4) or calc($spacer / 4)

More info and automated migrator: https://sass-lang.com/d/slash-div

    Γò╖
355 Γöé 1: $spacer / 4,
    Γöé    ^^^^^^^^^^^
    Γò╡
    src\scss\volt\_variables.scss 355:4  @import
    stdin 23:9                           root stylesheet

DEPRECATION WARNING [slash-div]: Using / for division outside of calc() is deprecated and will be removed in Dart Sass 
2.0.0.

Recommendation: math.div($spacer, 2) or calc($spacer / 2)

More info and automated migrator: https://sass-lang.com/d/slash-div

    Γò╖
356 Γöé   2: $spacer / 2,
    Γöé      ^^^^^^^^^^^
    Γò╡
    src\scss\volt\_variables.scss 356:6  @import
    stdin 23:9                           root stylesheet

DEPRECATION WARNING [color-functions]: darken() is deprecated. Suggestions:

color.scale($color, $lightness: -100%)
color.adjust($color, $lightness: -15%)

More info: https://sass-lang.com/d/color-functions

    Γò╖
390 Γöé $link-hover-color:                        darken($link-color, 15%);
    Γöé                                           ^^^^^^^^^^^^^^^^^^^^^^^^
    Γò╡
    src\scss\volt\_variables.scss 390:43  @import
    stdin 23:9                            root stylesheet

DEPRECATION WARNING [slash-div]: Using / for division outside of calc() is deprecated and will be removed in Dart Sass 
2.0.0.

Recommendation: math.div($spacer, 2) or calc($spacer / 2)

More info and automated migrator: https://sass-lang.com/d/slash-div

    Γò╖
569 Γöé $headings-margin-bottom:      $spacer / 2;
    Γöé                               ^^^^^^^^^^^
    Γò╡
    src\scss\volt\_variables.scss 569:31  @import
    stdin 23:9                            root stylesheet

DEPRECATION WARNING [color-functions]: lighten() is deprecated. Suggestions:

color.scale($color, $lightness: 27.5377969762%)
color.adjust($color, $lightness: 25%)

More info: https://sass-lang.com/d/color-functions

    Γò╖
819 Γöé $input-focus-border-color:              lighten($component-active-bg, 25%);
    Γöé                                         ^^^^^^^^^^^^^^^^^^^^^^^^^^^^^^^^^^
    Γò╡
    src\scss\volt\_variables.scss 819:41  @import
    stdin 23:9                            root stylesheet

DEPRECATION WARNING [slash-div]: Using / for division outside of calc() is deprecated and will be removed in Dart Sass 
2.0.0.

Recommendation: math.div($input-padding-y, 2) or calc($input-padding-y / 2)

More info and automated migrator: https://sass-lang.com/d/slash-div

    Γò╖
831 Γöé $input-height-inner-quarter:            add($input-line-height * .25em, $input-padding-y / 2);
    Γöé                                                                         ^^^^^^^^^^^^^^^^^^^^
    Γò╡
    src\scss\volt\_variables.scss 831:73  @import
    stdin 23:9                            root stylesheet

DEPRECATION WARNING [color-functions]: lighten() is deprecated. Suggestions:

color.scale($color, $lightness: 38.5529157667%)
color.adjust($color, $lightness: 35%)

More info: https://sass-lang.com/d/color-functions

     Γò╖
1005 Γöé $form-range-thumb-active-bg:               lighten($component-active-bg, 35%);
     Γöé                                            ^^^^^^^^^^^^^^^^^^^^^^^^^^^^^^^^^^
     Γò╡
    src\scss\volt\_variables.scss 1005:44  @import
    stdin 23:9                             root stylesheet

DEPRECATION WARNING [color-functions]: lighten() is deprecated. Suggestions:

color.scale($color, $lightness: 25%)
color.adjust($color, $lightness: 20%)

More info: https://sass-lang.com/d/color-functions

     Γò╖
1128 Γöé $nav-pills-active-border-color:     lighten( $dark, 20% );
     Γöé                                     ^^^^^^^^^^^^^^^^^^^^^
     Γò╡
    src\scss\volt\_variables.scss 1128:37  @import
    stdin 23:9                             root stylesheet

DEPRECATION WARNING [slash-div]: Using / for division outside of calc() is deprecated and will be removed in Dart Sass 
2.0.0.

Recommendation: math.div($spacer, 2) or calc($spacer / 2)

More info and automated migrator: https://sass-lang.com/d/slash-div

     Γò╖
1213 Γöé $dropdown-divider-margin-y:         $spacer / 2;
     Γöé                                     ^^^^^^^^^^^
     Γò╡
    src\scss\volt\_variables.scss 1213:37  @import
    stdin 23:9                             root stylesheet

DEPRECATION WARNING [color-functions]: darken() is deprecated. Suggestions:

color.scale($color, $lightness: -13.4920634921%)
color.adjust($color, $lightness: -5%)

More info: https://sass-lang.com/d/color-functions

     Γò╖
1217 Γöé $dropdown-link-hover-color:         darken($gray-900, 5%);
     Γöé                                     ^^^^^^^^^^^^^^^^^^^^^
     Γò╡
    src\scss\volt\_variables.scss 1217:37  @import
    stdin 23:9                             root stylesheet

WARNING: 492 repetitive deprecation warnings omitted.

Failed to compile.

./src/modules/engineering/network-discovery/components/DiscoveryTable.jsx
  Line 70:5:   Expected an assignment or function call and instead saw an expression  no-unused-expressions
  Line 166:5:  Expected an assignment or function call and instead saw an expression  no-unused-expressions

Search for the keywords to learn more about each error.


